C51 COMPILER V9.60.0.0   MAIN                                                              06/08/2021 16:39:07 PAGE 1   


C51 COMPILER V9.60.0.0, COMPILATION OF MODULE MAIN
OBJECT MODULE PLACED IN main.OBJ
COMPILER INVOKED BY: C:\Keil_v5\C51\BIN\C51.EXE main.c OMF2 OPTIMIZE(8,SPEED) BROWSE DEBUG TABS(2)

line level    source

   1          #include "main.h"
   2          #include "..\lib\Soft_I2c.h"
   3          #include "..\lib\Lcd4.h"
   4          #include "..\lib\Rtc_Ds1307.h"
   5          #include "..\lib\LunarCalendar.h"
   6          #include "Port.h"
   7          #include <pthread.h>
*** WARNING C318 IN LINE 7 OF main.c: can't open file 'pthread.h'
   8          
   9          #define LED P2_1
  10          #define LED1 P3_7
  11          
  12          unsigned char *code Days[] = {"SUN", "MON", "TUE", "WED", "THU", "FRI", "SAT"};
  13          
  14          void delay_ms1(unsigned int time)
  15          {
  16   1        unsigned int x, y;
  17   1        for (x = 0; x < time; x++)
  18   1          for (y = 0; y < 125; y++)
  19   1          {
  20   2          }
  21   1      }
  22          unsigned int count;
  23          unsigned int temp;
  24          unsigned int Hour_setup;
  25          unsigned int Minute_setup;
  26          
  27          void Delay_ngao(unsigned int Time)
  28          {
  29   1        while (Time--)
  30   1          ;
  31   1      }
  32          //-----------------
  33          void print_LCD(unsigned char Hour,
  34                   unsigned char Minute,
  35                   unsigned char Second,
  36                   unsigned char Day,
  37                   unsigned char Date,
  38                   unsigned char Month,
  39                   unsigned char Year)
  40          {
  41   1        Lcd_Chr(1, 5, Hour / 10 + 0x30);
  42   1        Lcd_Chr_Cp(Hour % 10 + 0x30);
  43   1        Lcd_Chr_Cp(':');
  44   1        Lcd_Chr_Cp(Minute / 10 + 0x30);
  45   1        Lcd_Chr_Cp(Minute % 10 + 0x30);
  46   1        Lcd_Chr_Cp(':');
  47   1        Lcd_Chr_Cp(Second / 10 + 0x30);
  48   1        Lcd_Chr_Cp(Second % 10 + 0x30);
  49   1        Lcd_Out(2, 1, "                ");
  50   1        Lcd_Out(2, 2, Days[Day - 1]);
  51   1        Lcd_Chr_Cp(' ');
  52   1        Lcd_Chr_Cp(Date / 10 + 0x30);
  53   1        Lcd_Chr_Cp(Date % 10 + 0x30);
  54   1        Lcd_Chr_Cp('/');
C51 COMPILER V9.60.0.0   MAIN                                                              06/08/2021 16:39:07 PAGE 2   

  55   1        Lcd_Chr_Cp(Month / 10 + 0x30);
  56   1        Lcd_Chr_Cp(Month % 10 + 0x30);
  57   1        Lcd_Out_Cp("/20");
  58   1        Lcd_Chr_Cp(Year / 10 + 0x30);
  59   1        Lcd_Chr_Cp(Year % 10 + 0x30);
  60   1      }
  61          
  62          void Baothuc(unsigned char Hour_setup,
  63                 unsigned char Minute_setup,
  64                 unsigned char Hour,
  65                 unsigned char Minute)
  66          {
  67   1        if (Hour_setup == Hour)
  68   1          if (Minute_setup == Minute)
  69   1            LED1 = 1;
  70   1          else
  71   1            LED1 = 0;
  72   1      }
  73          
  74          void main()
  75          {
  76   1        unsigned char Hour, Minute, Second, Mode, Day, Date, Month, Year, old_second;
  77   1      
  78   1        Soft_I2c_Init();
  79   1        Ds1307_Init();
  80   1        Lcd_Init();
  81   1      
  82   1        count = 0;
  83   1        //-------------------
  84   1        //Ds1307_Write_Time(10, 10, 10, 12, 0);
  85   1        //Ds1307_Init();
  86   1        // nạp vào xong phải khởi tạo lại
  87   1      
  88   1        while (1)
  89   1        {
  90   2          //LED = 1;
  91   2          // doc va hien thi gio
  92   2          Ds1307_Read_Time(&Hour, &Minute, &Second, &Mode);
  93   2          Ds1307_Read_Date(&Day, &Date, &Month, &Year);
  94   2          if (old_second != Second)
  95   2          {
  96   3            old_second = Second;
  97   3            print_LCD(Hour, Minute, Second, Day, Date, Month, Year);
  98   3          }
  99   2          LED = 1;
 100   2      
 101   2          ///----------------
 102   2          if (BTN_MODE == 0)
 103   2          {
 104   3            Ds1307_Read_Time(&Hour, &Minute, &Second, &Mode);
 105   3            LED = 0;
 106   3            //Lcd_Cmd(15);
 107   3            delay_ms1(15);
 108   3            do
 109   3            {
 110   4            } while (BTN_MODE == 0);
 111   3            count = 1;
 112   3            while (1)
 113   3            {
 114   4              if (BTN_MODE == 0)
 115   4              {
 116   5                delay_ms1(15);
C51 COMPILER V9.60.0.0   MAIN                                                              06/08/2021 16:39:07 PAGE 3   

 117   5                if (BTN_MODE == 0)
 118   5                  count = count + 1;
 119   5                do
 120   5                {
 121   6                } while (BTN_MODE == 0);
 122   5              }
 123   4              switch (count)
 124   4              {
 125   5              case 1:
 126   5                while (1)
 127   5                {
 128   6                  char old_hour = Hour;
 129   6                  if (BTN_MODE == 0)
 130   6                  {
 131   7                    delay_ms1(15);
 132   7                    if (BTN_MODE == 0)
 133   7                      count = count + 1;
 134   7                    do
 135   7                    {
 136   8                    } while (BTN_MODE == 0);
 137   7                  }
 138   6                  else if (BTN_DOWN == 0)
 139   6                  {
 140   7                    delay_ms1(15);
 141   7                    do
 142   7                    {
 143   8                    } while (BTN_DOWN == 0);
 144   7                    if ((Hour == 0) && (Mode == 12))
 145   7                      Hour = 12;
 146   7                    if ((Hour == 0) && (Mode == 24))
 147   7                      Hour = 24;
 148   7                    Hour--;
 149   7                  }
 150   6                  else if (BTN_UP == 0)
 151   6                  {
 152   7                    delay_ms1(15);
 153   7                    do
 154   7                    {
 155   8                    } while (BTN_UP == 0);
 156   7                    if ((Hour == 11) && (Mode == 12))
 157   7                      Hour = -1;
 158   7                    if ((Hour == 23) && (Mode == 24))
 159   7                      Hour = -1;
 160   7                    Hour++;
 161   7                  }
 162   6                  if (old_hour != Hour)
 163   6                  {
 164   7                    old_hour = Hour;
 165   7                    print_LCD(Hour, Minute, Second, Day, Date, Month, Year);
 166   7                  }
 167   6                  //else
 168   6                  //{
 169   6                  Lcd_Out(1, 5, "__");
 170   6                  Delay_ngao(30000);
 171   6      
 172   6                  Lcd_Chr(1, 5, Hour / 10 + 0x30);
 173   6                  Lcd_Chr_Cp(Hour % 10 + 0x30);
 174   6                  Delay_ngao(30000);
 175   6                  //}
 176   6                  if (count != 1)
 177   6                    break;
 178   6                }
C51 COMPILER V9.60.0.0   MAIN                                                              06/08/2021 16:39:07 PAGE 4   

 179   5                break;
 180   5              case 2:
 181   5                while (1)
 182   5                {
 183   6                  char old_minute = Minute;
 184   6                  if (BTN_MODE == 0)
 185   6                  {
 186   7                    delay_ms1(15);
 187   7                    if (BTN_MODE == 0)
 188   7                      count = count + 1;
 189   7                    do
 190   7                    {
 191   8                    } while (BTN_MODE == 0);
 192   7                  }
 193   6                  else if (BTN_DOWN == 0)
 194   6                  {
 195   7                    delay_ms1(15);
 196   7                    do
 197   7                    {
 198   8                    } while (BTN_DOWN == 0);
 199   7                    if (Minute == 0)
 200   7                      Minute = 60;
 201   7                    Minute--;
 202   7                  }
 203   6                  else if (BTN_UP == 0)
 204   6                  {
 205   7                    delay_ms1(15);
 206   7                    do
 207   7                    {
 208   8                    } while (BTN_UP == 0);
 209   7                    if (Minute == 59)
 210   7                      Minute = -1;
 211   7                    Minute++;
 212   7                  }
 213   6                  if (old_minute != Minute)
 214   6                  {
 215   7                    old_minute = Minute;
 216   7                    print_LCD(Hour, Minute, Second, Day, Date, Month, Year);
 217   7                  }
 218   6                  else
 219   6                  {
 220   7                    Lcd_Out(1, 8, "__");
 221   7                    Delay_ngao(30000);
 222   7      
 223   7                    Lcd_Chr(1, 8, Minute / 10 + 0x30);
 224   7                    Lcd_Chr_Cp(Minute % 10 + 0x30);
 225   7                    Delay_ngao(30000);
 226   7                  }
 227   6                  if (count != 2)
 228   6                    break;
 229   6                }
 230   5                break;
 231   5              case 3:
 232   5                while (1)
 233   5                {
 234   6                  char old_sec = Second;
 235   6                  if (BTN_MODE == 0)
 236   6                  {
 237   7                    delay_ms1(15);
 238   7                    if (BTN_MODE == 0)
 239   7                      count = count + 1;
 240   7                    do
C51 COMPILER V9.60.0.0   MAIN                                                              06/08/2021 16:39:07 PAGE 5   

 241   7                    {
 242   8                    } while (BTN_MODE == 0);
 243   7                  }
 244   6                  else if (BTN_DOWN == 0)
 245   6                  {
 246   7                    delay_ms1(15);
 247   7                    do
 248   7                    {
 249   8                    } while (BTN_DOWN == 0);
 250   7                    if (Second == 0)
 251   7                      Second = 60;
 252   7                    Second--;
 253   7                  }
 254   6                  else if (BTN_UP == 0)
 255   6                  {
 256   7                    delay_ms1(15);
 257   7                    do
 258   7                    {
 259   8                    } while (BTN_UP == 0);
 260   7                    if (Second == 59)
 261   7                      Second = -1;
 262   7                    Second++;
 263   7                  }
 264   6                  if (old_sec != Second)
 265   6                  {
 266   7                    old_sec = Second;
 267   7                    print_LCD(Hour, Minute, Second, Day, Date, Month, Year);
 268   7                  }
 269   6                  else
 270   6                  {
 271   7                    Lcd_Out(1, 11, "__");
 272   7                    Delay_ngao(30000);
 273   7      
 274   7                    Lcd_Chr(1, 11, Second / 10 + 0x30);
 275   7                    Lcd_Chr_Cp(Second % 10 + 0x30);
 276   7                    Delay_ngao(30000);
 277   7                  }
 278   6                  if (count != 3)
 279   6                    break;
 280   6                }
 281   5                break;
 282   5              case 4:
 283   5                while (1)
 284   5                {
 285   6                  char old_day = Day;
 286   6                  if (BTN_MODE == 0)
 287   6                  {
 288   7                    delay_ms1(15);
 289   7                    if (BTN_MODE == 0)
 290   7                      count = count + 1;
 291   7                    do
 292   7                    {
 293   8                    } while (BTN_MODE == 0);
 294   7                  }
 295   6                  else if (BTN_DOWN == 0)
 296   6                  {
 297   7                    delay_ms1(15);
 298   7                    do
 299   7                    {
 300   8                    } while (BTN_DOWN == 0);
 301   7                    if (Day == 1)
 302   7                      Day = 8;
C51 COMPILER V9.60.0.0   MAIN                                                              06/08/2021 16:39:07 PAGE 6   

 303   7                    Day--;
 304   7                  }
 305   6                  else if (BTN_UP == 0)
 306   6                  {
 307   7                    delay_ms1(15);
 308   7                    do
 309   7                    {
 310   8                    } while (BTN_UP == 0);
 311   7                    if (Day == 7)
 312   7                      Day = 0;
 313   7                    Day++;
 314   7                  }
 315   6                  if (old_day != Day)
 316   6                  {
 317   7                    old_day = Day;
 318   7                    print_LCD(Hour, Minute, Second, Day, Date, Month, Year);
 319   7                  }
 320   6                  else
 321   6                  {
 322   7                    Lcd_Out(2, 2, "___");
 323   7                    Delay_ngao(30000);
 324   7      
 325   7                    Lcd_Out(2, 2, Days[Day - 1]);
 326   7                    Lcd_Chr_Cp(' ');
 327   7                    Delay_ngao(30000);
 328   7                  }
 329   6                  if (count != 4)
 330   6                    break;
 331   6                }
 332   5                break;
 333   5              case 5:
 334   5                while (1)
 335   5                {
 336   6                  char old_date = Date;
 337   6                  if (BTN_MODE == 0)
 338   6                  {
 339   7                    delay_ms1(15);
 340   7                    if (BTN_MODE == 0)
 341   7                      count = count + 1;
 342   7                    do
 343   7                    {
 344   8                    } while (BTN_MODE == 0);
 345   7                  }
 346   6                  else if (BTN_DOWN == 0)
 347   6                  {
 348   7                    delay_ms1(15);
 349   7                    do
 350   7                    {
 351   8                    } while (BTN_DOWN == 0);
 352   7                    if (Date == 1)
 353   7                      Date = 32;
 354   7                    Date--;
 355   7                  }
 356   6                  else if (BTN_UP == 0)
 357   6                  {
 358   7                    delay_ms1(15);
 359   7                    do
 360   7                    {
 361   8                    } while (BTN_UP == 0);
 362   7                    if (Date == 31)
 363   7                      Date = 0;
 364   7                    Date++;
C51 COMPILER V9.60.0.0   MAIN                                                              06/08/2021 16:39:07 PAGE 7   

 365   7                  }
 366   6                  if (old_date != Date)
 367   6                  {
 368   7                    old_date = Date;
 369   7                    print_LCD(Hour, Minute, Second, Day, Date, Month, Year);
 370   7                  }
 371   6                  else
 372   6                  {
 373   7                    Lcd_Out(2, 6, "__");
 374   7                    Delay_ngao(30000);
 375   7      
 376   7                    Lcd_Chr(2, 6, Date / 10 + 0x30);
 377   7                    Lcd_Chr_Cp(Date % 10 + 0x30);
 378   7                    Delay_ngao(30000);
 379   7                  }
 380   6                  if (count != 5)
 381   6                    break;
 382   6                }
 383   5                break;
 384   5              case 6:
 385   5                while (1)
 386   5                {
 387   6                  char old_month = Month;
 388   6                  if (BTN_MODE == 0)
 389   6                  {
 390   7                    delay_ms1(15);
 391   7                    if (BTN_MODE == 0)
 392   7                      count = count + 1;
 393   7                    do
 394   7                    {
 395   8                    } while (BTN_MODE == 0);
 396   7                  }
 397   6                  else if (BTN_DOWN == 0)
 398   6                  {
 399   7                    delay_ms1(15);
 400   7                    do
 401   7                    {
 402   8                    } while (BTN_DOWN == 0);
 403   7                    if (Month == 1)
 404   7                      Month = 13;
 405   7                    Month--;
 406   7                  }
 407   6                  else if (BTN_UP == 0)
 408   6                  {
 409   7                    delay_ms1(15);
 410   7                    do
 411   7                    {
 412   8                    } while (BTN_UP == 0);
 413   7                    if (Month == 12)
 414   7                      Month = 0;
 415   7                    Month++;
 416   7                  }
 417   6                  if (old_month != Month)
 418   6                  {
 419   7                    old_month = Month;
 420   7                    print_LCD(Hour, Minute, Second, Day, Date, Month, Year);
 421   7                  }
 422   6                  else
 423   6                  {
 424   7                    Lcd_Out(2, 9, "__");
 425   7                    Delay_ngao(30000);
 426   7      
C51 COMPILER V9.60.0.0   MAIN                                                              06/08/2021 16:39:07 PAGE 8   

 427   7                    Lcd_Chr(2, 9, Month / 10 + 0x30);
 428   7                    Lcd_Chr_Cp(Month % 10 + 0x30);
 429   7                    Delay_ngao(30000);
 430   7                  }
 431   6                  if (count != 6)
 432   6                    break;
 433   6                }
 434   5                break;
 435   5              case 7:
 436   5                while (1)
 437   5                {
 438   6                  char old_year = Year;
 439   6                  if (BTN_MODE == 0)
 440   6                  {
 441   7                    delay_ms1(15);
 442   7                    if (BTN_MODE == 0)
 443   7                      count = count + 1;
 444   7                    do
 445   7                    {
 446   8                    } while (BTN_MODE == 0);
 447   7                  }
 448   6                  else if (BTN_DOWN == 0)
 449   6                  {
 450   7                    delay_ms1(15);
 451   7                    do
 452   7                    {
 453   8                    } while (BTN_DOWN == 0);
 454   7                    Year--;
 455   7                  }
 456   6                  else if (BTN_UP == 0)
 457   6                  {
 458   7                    delay_ms1(15);
 459   7                    do
 460   7                    {
 461   8                    } while (BTN_UP == 0);
 462   7                    Year++;
 463   7                  }
 464   6                  if (old_year != Year)
 465   6                  {
 466   7                    old_year = Year;
 467   7                    print_LCD(Hour, Minute, Second, Day, Date, Month, Year);
 468   7                  }
 469   6                  else
 470   6                  {
 471   7                    Lcd_Out(2, 12, "____");
 472   7                    Delay_ngao(30000);
 473   7                    Lcd_Out(2, 12, "20");
 474   7                    Lcd_Chr_Cp(Year / 10 + 0x30);
 475   7                    Lcd_Chr_Cp(Year % 10 + 0x30);
 476   7                    Delay_ngao(30000);
 477   7                  }
 478   6                  if (count != 7)
 479   6                    break;
 480   6                }
 481   5                break;
 482   5              default:
 483   5                //LED = 1;
 484   5                //Delay(50000);
 485   5                break; // Error handling
 486   5              }
 487   4              if (count >= 8)
 488   4              {
C51 COMPILER V9.60.0.0   MAIN                                                              06/08/2021 16:39:07 PAGE 9   

 489   5                Ds1307_Write_Time(Hour, Minute, Second, 24, 0);
 490   5                Ds1307_Write_Date(Day, Date, Month, Year);
 491   5                Ds1307_Init();
 492   5                break;
 493   5              }
 494   4            }
 495   3          }
 496   2          //-------------bao thuc -----------
 497   2          //int temp = 0;
 498   2          if (BTN_ALARM == 0)
 499   2          {
 500   3            Lcd_Cmd(1);
 501   3            Lcd_Out(1, 1, "CAI DAT BAO THUC");
 502   3            Lcd_Chr(2, 6, 0 / 10 + 0x30);
 503   3            Lcd_Chr_Cp(0 % 10 + 0x30);
 504   3            Lcd_Chr_Cp(':');
 505   3            Lcd_Chr_Cp(0 / 10 + 0x30);
 506   3            Lcd_Chr_Cp(0 % 10 + 0x30);
 507   3            delay_ms1(15);
 508   3            temp = 1;
 509   3            do
 510   3            {
 511   4            } while (BTN_ALARM == 0);
 512   3            Hour_setup = 0;
 513   3            Minute_setup = 0;
 514   3            while (1)
 515   3            {
 516   4              if (BTN_ALARM == 0)
 517   4              {
 518   5                delay_ms1(15);
 519   5                if (BTN_ALARM == 0)
 520   5                  temp = temp + 1;
 521   5                do
 522   5                {
 523   6                } while (BTN_ALARM == 0);
 524   5              }
 525   4              switch (temp)
 526   4              {
 527   5              case 1:
 528   5                Lcd_Out(1, 1, "CAI DAT BAO THUC");
 529   5                while (1)
 530   5                {
 531   6                  char old_Hour_setup = Hour_setup;
 532   6                  if (BTN_ALARM == 0)
 533   6                  {
 534   7                    delay_ms1(15);
 535   7                    if (BTN_ALARM == 0)
 536   7                      temp = temp + 1;
 537   7                    do
 538   7                    {
 539   8                    } while (BTN_ALARM == 0);
 540   7                  }
 541   6                  else if (BTN_DOWN == 0)
 542   6                  {
 543   7                    delay_ms1(15);
 544   7                    do
 545   7                    {
 546   8                    } while (BTN_DOWN == 0);
 547   7                    if ((Hour_setup == 0) && (Mode == 12))
 548   7                      Hour_setup = 12;
 549   7                    if ((Hour_setup == 0) && (Mode == 24))
 550   7                      Hour_setup = 24;
C51 COMPILER V9.60.0.0   MAIN                                                              06/08/2021 16:39:07 PAGE 10  

 551   7                    Hour_setup--;
 552   7                  }
 553   6                  else if (BTN_UP == 0)
 554   6                  {
 555   7                    delay_ms1(15);
 556   7                    do
 557   7                    {
 558   8                    } while (BTN_UP == 0);
 559   7                    if ((Hour_setup == 11) && (Mode == 12))
 560   7                      Hour_setup = -1;
 561   7                    if ((Hour_setup == 23) && (Mode == 24))
 562   7                      Hour_setup = -1;
 563   7                    Hour_setup++;
 564   7                  }
 565   6                  if (old_Hour_setup != Hour_setup)
 566   6                  {
 567   7                    old_Hour_setup = Hour_setup;
 568   7                    Lcd_Chr(2, 6, Hour_setup / 10 + 0x30);
 569   7                    Lcd_Chr_Cp(Hour_setup % 10 + 0x30);
 570   7                    Lcd_Chr_Cp(':');
 571   7                    Lcd_Chr_Cp(Minute_setup / 10 + 0x30);
 572   7                    Lcd_Chr_Cp(Minute_setup % 10 + 0x30);
 573   7                  }
 574   6                  else
 575   6                  {
 576   7                    Lcd_Out(2, 6, "__");
 577   7                    Lcd_Chr_Cp(':');
 578   7                    Lcd_Chr_Cp(Minute_setup / 10 + 0x30);
 579   7                    Lcd_Chr_Cp(Minute_setup % 10 + 0x30);
 580   7                    Delay_ngao(30000);
 581   7      
 582   7                    Lcd_Chr(2, 6, Hour_setup / 10 + 0x30);
 583   7                    Lcd_Chr_Cp(Hour_setup % 10 + 0x30);
 584   7                    Lcd_Chr_Cp(':');
 585   7                    Lcd_Chr_Cp(Minute_setup / 10 + 0x30);
 586   7                    Lcd_Chr_Cp(Minute_setup % 10 + 0x30);
 587   7                    Delay_ngao(30000);
 588   7                  }
 589   6                  if (temp != 1)
 590   6                    break;
 591   6                }
 592   5                break;
 593   5              case 2:
 594   5                Lcd_Out(1, 1, "CAI DAT BAO THUC");
 595   5                while (1)
 596   5                {
 597   6                  char old_Minute_setup = Minute_setup;
 598   6                  if (BTN_ALARM == 0)
 599   6                  {
 600   7                    delay_ms1(15);
 601   7                    if (BTN_ALARM == 0)
 602   7                      temp = temp + 1;
 603   7                    do
 604   7                    {
 605   8                    } while (BTN_ALARM == 0);
 606   7                  }
 607   6                  else if (BTN_DOWN == 0)
 608   6                  {
 609   7                    delay_ms1(15);
 610   7                    do
 611   7                    {
 612   8                    } while (BTN_DOWN == 0);
C51 COMPILER V9.60.0.0   MAIN                                                              06/08/2021 16:39:07 PAGE 11  

 613   7                    if (Minute_setup == 0)
 614   7                      Minute_setup = 60;
 615   7                    Minute_setup--;
 616   7                  }
 617   6                  else if (BTN_UP == 0)
 618   6                  {
 619   7                    delay_ms1(15);
 620   7                    do
 621   7                    {
 622   8                    } while (BTN_UP == 0);
 623   7                    if (Minute_setup == 59)
 624   7                      Minute_setup = -1;
 625   7                    Minute_setup++;
 626   7                  }
 627   6                  if (old_Minute_setup != Minute_setup)
 628   6                  {
 629   7                    old_Minute_setup = Minute_setup;
 630   7                    Lcd_Chr(2, 6, Hour_setup / 10 + 0x30);
 631   7                    Lcd_Chr_Cp(Hour_setup % 10 + 0x30);
 632   7                    Lcd_Chr_Cp(':');
 633   7                    Lcd_Chr_Cp(Minute_setup / 10 + 0x30);
 634   7                    Lcd_Chr_Cp(Minute_setup % 10 + 0x30);
 635   7                  }
 636   6                  else
 637   6                  {
 638   7                    Lcd_Chr(2, 6, Hour_setup / 10 + 0x30);
 639   7                    Lcd_Chr_Cp(Hour_setup % 10 + 0x30);
 640   7                    Lcd_Chr_Cp(':');
 641   7                    Lcd_Out(2, 9, "__");
 642   7                    Delay_ngao(30000);
 643   7      
 644   7                    Lcd_Chr(2, 6, Hour_setup / 10 + 0x30);
 645   7                    Lcd_Chr_Cp(Hour_setup % 10 + 0x30);
 646   7                    Lcd_Chr_Cp(':');
 647   7                    Lcd_Chr_Cp(Minute_setup / 10 + 0x30);
 648   7                    Lcd_Chr_Cp(Minute_setup % 10 + 0x30);
 649   7                    Delay_ngao(30000);
 650   7                  }
 651   6                  if (temp != 2)
 652   6                  {
 653   7                    Lcd_Cmd(1);
 654   7                    break;
 655   7                  }
 656   6                }
 657   5                break;
 658   5              default:
 659   5                break;
 660   5              }
 661   4              if (temp >= 3)
 662   4                break;
 663   4            }
 664   3          }
 665   2          if ((Hour_setup == Hour) && (Minute_setup == Minute))
 666   2            LED1 = 1;
 667   2          else
 668   2            LED1 = 0;
 669   2          //Baothuc(Hour_setup, Minute_setup, Hour, Minute_setup);
 670   2        }
 671   1      }


MODULE INFORMATION:   STATIC OVERLAYABLE
C51 COMPILER V9.60.0.0   MAIN                                                              06/08/2021 16:39:07 PAGE 12  

   CODE SIZE        =   2561    ----
   CONSTANT SIZE    =    102    ----
   XDATA SIZE       =   ----    ----
   PDATA SIZE       =   ----    ----
   DATA SIZE        =      8      21
   IDATA SIZE       =   ----    ----
   BIT SIZE         =   ----    ----
   EDATA SIZE       =   ----    ----
   HDATA SIZE       =   ----    ----
   XDATA CONST SIZE =   ----    ----
   FAR CONST SIZE   =   ----    ----
END OF MODULE INFORMATION.


C51 COMPILATION COMPLETE.  1 WARNING(S),  0 ERROR(S)
